// Jest Snapshot v1, https://goo.gl/fbAQLP

exports[`<Select /> rendering should render to match snapshot 1`] = `
<select
  className="testClassName"
  onChange={[MockFunction]}
  value="testValue"
>
  <option
    key="empty"
    value=""
  >
    -- select --
  </option>
  <option
    key="value1"
    value="value1"
  >
    title1
  </option>
  <option
    key="value2"
    value="value2"
  >
    title2
  </option>
</select>
`;
